19:24:48 **** Incremental Build of configuration Debug for project laser_game_rx ****
Info: Internal Builder is used for build
arm-atollic-eabi-gcc -c ..\app\src\main.c -mthumb -mcpu=cortex-m0 -std=gnu11 -DSTM32F072xB -ID:\cours\mea4\projectS7_LaserGame\projectS6_laserGame\projectS6_laserGame\rx_workspace\laser_game_rx\app\inc -ID:\cours\mea4\projectS7_LaserGame\projectS6_laserGame\projectS6_laserGame\rx_workspace\laser_game_rx\bsp\inc -ID:\cours\mea4\projectS7_LaserGame\projectS6_laserGame\projectS6_laserGame\rx_workspace\laser_game_rx\cmsis\core -ID:\cours\mea4\projectS7_LaserGame\projectS6_laserGame\projectS6_laserGame\rx_workspace\laser_game_rx\cmsis\device\inc -O0 -g -fstack-usage -Wall -specs=nano.specs -o app\src\main.o 
..\app\src\main.c:37:6: warning: return type of 'main' is not 'int' [-Wmain]
 void main()
      ^~~~
..\app\src\main.c: In function 'main':
..\app\src\main.c:57:2: warning: implicit declaration of function 'BSP_TIMER_PWM_Init' [-Wimplicit-function-declaration]
  BSP_TIMER_PWM_Init(); // delete call to avoid tx
  ^~~~~~~~~~~~~~~~~~
..\app\src\main.c:67:3: warning: implicit declaration of function 'my_printf' [-Wimplicit-function-declaration]
   my_printf("\r\n%05d\n", TIM3->CCR2);
   ^~~~~~~~~
arm-atollic-eabi-gcc -c ..\bsp\src\bsp.c -mthumb -mcpu=cortex-m0 -std=gnu11 -DSTM32F072xB -ID:\cours\mea4\projectS7_LaserGame\projectS6_laserGame\projectS6_laserGame\rx_workspace\laser_game_rx\app\inc -ID:\cours\mea4\projectS7_LaserGame\projectS6_laserGame\projectS6_laserGame\rx_workspace\laser_game_rx\bsp\inc -ID:\cours\mea4\projectS7_LaserGame\projectS6_laserGame\projectS6_laserGame\rx_workspace\laser_game_rx\cmsis\core -ID:\cours\mea4\projectS7_LaserGame\projectS6_laserGame\projectS6_laserGame\rx_workspace\laser_game_rx\cmsis\device\inc -O0 -g -fstack-usage -Wall -specs=nano.specs -o bsp\src\bsp.o 
arm-atollic-eabi-gcc -o laser_game_rx.elf app\src\main.o app\src\printf-stdarg.o app\src\stm32f0xx_it.o bsp\src\bsp.o bsp\src\delay.o cmsis\device\src\startup_stm32f072xb.o cmsis\device\src\system_stm32f0xx.o -mthumb -mcpu=cortex-m0 -TD:\cours\mea4\projetS7\projectS6_laserGame\projectS6_laserGame\laserGame_tx\Debug_STM32F072RB_FLASH.ld -specs=nosys.specs -static -Wl,-cref,-u,Reset_Handler -Wl,-Map=laser_game_rx.map -Wl,--defsym=malloc_getpagesize_P=0x80 -Wl,--start-group -lc -lm -Wl,--end-group -specs=nano.specs 
D:\TrueSTUDIO for STM32 9.3.0\ide\jre\bin\java -jar D:\TrueSTUDIO for STM32 9.3.0\Tools\arm-atollic-reports.jar sizeinfo list laser_game_rx.elf 
Generate build reports...
Print size information
   text	   data	    bss	    dec	    hex	filename
   8028	     16	    252	   8296	   2068	laser_game_rx.elf
Print size information done
Generate listing file
Output sent to: laser_game_rx.list
Generate listing file done
Generate build reports done
19:25:34 **** Incremental Build of configuration Debug for project laser_game_rx ****
Info: Internal Builder is used for build
arm-atollic-eabi-gcc -c ..\bsp\src\bsp.c -mthumb -mcpu=cortex-m0 -std=gnu11 -DSTM32F072xB -ID:\cours\mea4\projectS7_LaserGame\projectS6_laserGame\projectS6_laserGame\rx_workspace\laser_game_rx\app\inc -ID:\cours\mea4\projectS7_LaserGame\projectS6_laserGame\projectS6_laserGame\rx_workspace\laser_game_rx\bsp\inc -ID:\cours\mea4\projectS7_LaserGame\projectS6_laserGame\projectS6_laserGame\rx_workspace\laser_game_rx\cmsis\core -ID:\cours\mea4\projectS7_LaserGame\projectS6_laserGame\projectS6_laserGame\rx_workspace\laser_game_rx\cmsis\device\inc -O0 -g -fstack-usage -Wall -specs=nano.specs -o bsp\src\bsp.o 
arm-atollic-eabi-gcc -o laser_game_rx.elf app\src\main.o app\src\printf-stdarg.o app\src\stm32f0xx_it.o bsp\src\bsp.o bsp\src\delay.o cmsis\device\src\startup_stm32f072xb.o cmsis\device\src\system_stm32f0xx.o -mthumb -mcpu=cortex-m0 -TD:\cours\mea4\projetS7\projectS6_laserGame\projectS6_laserGame\laserGame_tx\Debug_STM32F072RB_FLASH.ld -specs=nosys.specs -static -Wl,-cref,-u,Reset_Handler -Wl,-Map=laser_game_rx.map -Wl,--defsym=malloc_getpagesize_P=0x80 -Wl,--start-group -lc -lm -Wl,--end-group -specs=nano.specs 
D:\TrueSTUDIO for STM32 9.3.0\ide\jre\bin\java -jar D:\TrueSTUDIO for STM32 9.3.0\Tools\arm-atollic-reports.jar sizeinfo list laser_game_rx.elf 
Generate build reports...
Print size information
   text	   data	    bss	    dec	    hex	filename
   8028	     16	    252	   8296	   2068	laser_game_rx.elf
Print size information done
Generate listing file
Output sent to: laser_game_rx.list
Generate listing file done
Generate build reports done
19:28:25 **** Incremental Build of configuration Debug for project laser_game_rx ****
Info: Internal Builder is used for build
arm-atollic-eabi-gcc -c ..\bsp\src\bsp.c -mthumb -mcpu=cortex-m0 -std=gnu11 -DSTM32F072xB -ID:\cours\mea4\projectS7_LaserGame\projectS6_laserGame\projectS6_laserGame\rx_workspace\laser_game_rx\app\inc -ID:\cours\mea4\projectS7_LaserGame\projectS6_laserGame\projectS6_laserGame\rx_workspace\laser_game_rx\bsp\inc -ID:\cours\mea4\projectS7_LaserGame\projectS6_laserGame\projectS6_laserGame\rx_workspace\laser_game_rx\cmsis\core -ID:\cours\mea4\projectS7_LaserGame\projectS6_laserGame\projectS6_laserGame\rx_workspace\laser_game_rx\cmsis\device\inc -O0 -g -fstack-usage -Wall -specs=nano.specs -o bsp\src\bsp.o 
arm-atollic-eabi-gcc -o laser_game_rx.elf app\src\main.o app\src\printf-stdarg.o app\src\stm32f0xx_it.o bsp\src\bsp.o bsp\src\delay.o cmsis\device\src\startup_stm32f072xb.o cmsis\device\src\system_stm32f0xx.o -mthumb -mcpu=cortex-m0 -TD:\cours\mea4\projetS7\projectS6_laserGame\projectS6_laserGame\laserGame_tx\Debug_STM32F072RB_FLASH.ld -specs=nosys.specs -static -Wl,-cref,-u,Reset_Handler -Wl,-Map=laser_game_rx.map -Wl,--defsym=malloc_getpagesize_P=0x80 -Wl,--start-group -lc -lm -Wl,--end-group -specs=nano.specs 
D:\TrueSTUDIO for STM32 9.3.0\ide\jre\bin\java -jar D:\TrueSTUDIO for STM32 9.3.0\Tools\arm-atollic-reports.jar sizeinfo list laser_game_rx.elf 
Generate build reports...
Print size information
   text	   data	    bss	    dec	    hex	filename
   8028	     16	    252	   8296	   2068	laser_game_rx.elf
Print size information done
Generate listing file
Output sent to: laser_game_rx.list
Generate listing file done
Generate build reports done
Info: Nothing to build for laser_game_rx
19:31:25 **** Incremental Build of configuration Debug for project laser_game_rx ****
Info: Internal Builder is used for build
arm-atollic-eabi-gcc -c ..\app\src\main.c -mthumb -mcpu=cortex-m0 -std=gnu11 -DSTM32F072xB -ID:\cours\mea4\projectS7_LaserGame\projectS6_laserGame\projectS6_laserGame\rx_workspace\laser_game_rx\app\inc -ID:\cours\mea4\projectS7_LaserGame\projectS6_laserGame\projectS6_laserGame\rx_workspace\laser_game_rx\bsp\inc -ID:\cours\mea4\projectS7_LaserGame\projectS6_laserGame\projectS6_laserGame\rx_workspace\laser_game_rx\cmsis\core -ID:\cours\mea4\projectS7_LaserGame\projectS6_laserGame\projectS6_laserGame\rx_workspace\laser_game_rx\cmsis\device\inc -O0 -g -fstack-usage -Wall -specs=nano.specs -o app\src\main.o 
..\app\src\main.c:37:6: warning: return type of 'main' is not 'int' [-Wmain]
 void main()
      ^~~~
..\app\src\main.c: In function 'main':
..\app\src\main.c:57:2: warning: implicit declaration of function 'BSP_TIMER_PWM_Init' [-Wimplicit-function-declaration]
  BSP_TIMER_PWM_Init(); // delete call to avoid tx
  ^~~~~~~~~~~~~~~~~~
..\app\src\main.c:67:3: warning: implicit declaration of function 'my_printf' [-Wimplicit-function-declaration]
   my_printf("\r\n%05d\n", TIM3->CCR2);
   ^~~~~~~~~
arm-atollic-eabi-gcc -c ..\bsp\src\bsp.c -mthumb -mcpu=cortex-m0 -std=gnu11 -DSTM32F072xB -ID:\cours\mea4\projectS7_LaserGame\projectS6_laserGame\projectS6_laserGame\rx_workspace\laser_game_rx\app\inc -ID:\cours\mea4\projectS7_LaserGame\projectS6_laserGame\projectS6_laserGame\rx_workspace\laser_game_rx\bsp\inc -ID:\cours\mea4\projectS7_LaserGame\projectS6_laserGame\projectS6_laserGame\rx_workspace\laser_game_rx\cmsis\core -ID:\cours\mea4\projectS7_LaserGame\projectS6_laserGame\projectS6_laserGame\rx_workspace\laser_game_rx\cmsis\device\inc -O0 -g -fstack-usage -Wall -specs=nano.specs -o bsp\src\bsp.o 
arm-atollic-eabi-gcc -o laser_game_rx.elf app\src\main.o app\src\printf-stdarg.o app\src\stm32f0xx_it.o bsp\src\bsp.o bsp\src\delay.o cmsis\device\src\startup_stm32f072xb.o cmsis\device\src\system_stm32f0xx.o -mthumb -mcpu=cortex-m0 -TD:\cours\mea4\projetS7\projectS6_laserGame\projectS6_laserGame\laserGame_tx\Debug_STM32F072RB_FLASH.ld -specs=nosys.specs -static -Wl,-cref,-u,Reset_Handler -Wl,-Map=laser_game_rx.map -Wl,--defsym=malloc_getpagesize_P=0x80 -Wl,--start-group -lc -lm -Wl,--end-group -specs=nano.specs 
D:\TrueSTUDIO for STM32 9.3.0\ide\jre\bin\java -jar D:\TrueSTUDIO for STM32 9.3.0\Tools\arm-atollic-reports.jar sizeinfo list laser_game_rx.elf 
Generate build reports...
Print size information
   text	   data	    bss	    dec	    hex	filename
   7924	     16	    212	   8152	   1fd8	laser_game_rx.elf
Print size information done
Generate listing file
Output sent to: laser_game_rx.list
Generate listing file done
Generate build reports done
19:38:44 **** Incremental Build of configuration Debug for project laser_game_rx ****
Info: Internal Builder is used for build
arm-atollic-eabi-gcc -c ..\app\src\stm32f0xx_it.c -mthumb -mcpu=cortex-m0 -std=gnu11 -DSTM32F072xB -ID:\cours\mea4\projectS7_LaserGame\projectS6_laserGame\projectS6_laserGame\rx_workspace\laser_game_rx\app\inc -ID:\cours\mea4\projectS7_LaserGame\projectS6_laserGame\projectS6_laserGame\rx_workspace\laser_game_rx\bsp\inc -ID:\cours\mea4\projectS7_LaserGame\projectS6_laserGame\projectS6_laserGame\rx_workspace\laser_game_rx\cmsis\core -ID:\cours\mea4\projectS7_LaserGame\projectS6_laserGame\projectS6_laserGame\rx_workspace\laser_game_rx\cmsis\device\inc -O0 -g -fstack-usage -Wall -specs=nano.specs -o app\src\stm32f0xx_it.o 
arm-atollic-eabi-gcc -c ..\bsp\src\bsp.c -mthumb -mcpu=cortex-m0 -std=gnu11 -DSTM32F072xB -ID:\cours\mea4\projectS7_LaserGame\projectS6_laserGame\projectS6_laserGame\rx_workspace\laser_game_rx\app\inc -ID:\cours\mea4\projectS7_LaserGame\projectS6_laserGame\projectS6_laserGame\rx_workspace\laser_game_rx\bsp\inc -ID:\cours\mea4\projectS7_LaserGame\projectS6_laserGame\projectS6_laserGame\rx_workspace\laser_game_rx\cmsis\core -ID:\cours\mea4\projectS7_LaserGame\projectS6_laserGame\projectS6_laserGame\rx_workspace\laser_game_rx\cmsis\device\inc -O0 -g -fstack-usage -Wall -specs=nano.specs -o bsp\src\bsp.o 
arm-atollic-eabi-gcc -o laser_game_rx.elf app\src\main.o app\src\printf-stdarg.o app\src\stm32f0xx_it.o bsp\src\bsp.o bsp\src\delay.o cmsis\device\src\startup_stm32f072xb.o cmsis\device\src\system_stm32f0xx.o -mthumb -mcpu=cortex-m0 -TD:\cours\mea4\projetS7\projectS6_laserGame\projectS6_laserGame\laserGame_tx\Debug_STM32F072RB_FLASH.ld -specs=nosys.specs -static -Wl,-cref,-u,Reset_Handler -Wl,-Map=laser_game_rx.map -Wl,--defsym=malloc_getpagesize_P=0x80 -Wl,--start-group -lc -lm -Wl,--end-group -specs=nano.specs 
D:\TrueSTUDIO for STM32 9.3.0\ide\jre\bin\java -jar D:\TrueSTUDIO for STM32 9.3.0\Tools\arm-atollic-reports.jar sizeinfo list laser_game_rx.elf 
Generate build reports...
Print size information
   text	   data	    bss	    dec	    hex	filename
   7924	     16	    212	   8152	   1fd8	laser_game_rx.elf
Print size information done
Generate listing file
Output sent to: laser_game_rx.list
Generate listing file done
Generate build reports done
Info: Nothing to build for laser_game_rx
Info: Nothing to build for laser_game_rx
Info: Nothing to build for laser_game_rx
Info: Nothing to build for laser_game_rx
Info: Nothing to build for laser_game_rx
Info: Nothing to build for laser_game_rx
08:28:32 **** Incremental Build of configuration Debug for project laser_game_rx ****
Info: Internal Builder is used for build
arm-atollic-eabi-gcc -c ..\app\src\stm32f0xx_it.c -mthumb -mcpu=cortex-m0 -std=gnu11 -DSTM32F072xB -ID:\cours\mea4\projectS7_LaserGame\projectS6_laserGame\projectS6_laserGame\rx_workspace\laser_game_rx\app\inc -ID:\cours\mea4\projectS7_LaserGame\projectS6_laserGame\projectS6_laserGame\rx_workspace\laser_game_rx\bsp\inc -ID:\cours\mea4\projectS7_LaserGame\projectS6_laserGame\projectS6_laserGame\rx_workspace\laser_game_rx\cmsis\core -ID:\cours\mea4\projectS7_LaserGame\projectS6_laserGame\projectS6_laserGame\rx_workspace\laser_game_rx\cmsis\device\inc -O0 -g -fstack-usage -Wall -specs=nano.specs -o app\src\stm32f0xx_it.o 
arm-atollic-eabi-gcc -c ..\app\src\main.c -mthumb -mcpu=cortex-m0 -std=gnu11 -DSTM32F072xB -ID:\cours\mea4\projectS7_LaserGame\projectS6_laserGame\projectS6_laserGame\rx_workspace\laser_game_rx\app\inc -ID:\cours\mea4\projectS7_LaserGame\projectS6_laserGame\projectS6_laserGame\rx_workspace\laser_game_rx\bsp\inc -ID:\cours\mea4\projectS7_LaserGame\projectS6_laserGame\projectS6_laserGame\rx_workspace\laser_game_rx\cmsis\core -ID:\cours\mea4\projectS7_LaserGame\projectS6_laserGame\projectS6_laserGame\rx_workspace\laser_game_rx\cmsis\device\inc -O0 -g -fstack-usage -Wall -specs=nano.specs -o app\src\main.o 
..\app\src\main.c:37:6: warning: return type of 'main' is not 'int' [-Wmain]
 void main()
      ^~~~
..\app\src\main.c: In function 'main':
..\app\src\main.c:57:2: warning: implicit declaration of function 'BSP_TIMER_PWM_Init' [-Wimplicit-function-declaration]
  BSP_TIMER_PWM_Init(); // delete call to avoid tx
  ^~~~~~~~~~~~~~~~~~
..\app\src\main.c:67:3: warning: implicit declaration of function 'my_printf' [-Wimplicit-function-declaration]
   my_printf("\r\n%05d\n", TIM3->CCR2);
   ^~~~~~~~~
arm-atollic-eabi-gcc -c ..\bsp\src\bsp.c -mthumb -mcpu=cortex-m0 -std=gnu11 -DSTM32F072xB -ID:\cours\mea4\projectS7_LaserGame\projectS6_laserGame\projectS6_laserGame\rx_workspace\laser_game_rx\app\inc -ID:\cours\mea4\projectS7_LaserGame\projectS6_laserGame\projectS6_laserGame\rx_workspace\laser_game_rx\bsp\inc -ID:\cours\mea4\projectS7_LaserGame\projectS6_laserGame\projectS6_laserGame\rx_workspace\laser_game_rx\cmsis\core -ID:\cours\mea4\projectS7_LaserGame\projectS6_laserGame\projectS6_laserGame\rx_workspace\laser_game_rx\cmsis\device\inc -O0 -g -fstack-usage -Wall -specs=nano.specs -o bsp\src\bsp.o 
arm-atollic-eabi-gcc -o laser_game_rx.elf app\src\main.o app\src\printf-stdarg.o app\src\stm32f0xx_it.o bsp\src\bsp.o bsp\src\delay.o cmsis\device\src\startup_stm32f072xb.o cmsis\device\src\system_stm32f0xx.o -mthumb -mcpu=cortex-m0 -TD:\cours\mea4\projetS7\projectS6_laserGame\projectS6_laserGame\laserGame_tx\Debug_STM32F072RB_FLASH.ld -specs=nosys.specs -static -Wl,-cref,-u,Reset_Handler -Wl,-Map=laser_game_rx.map -Wl,--defsym=malloc_getpagesize_P=0x80 -Wl,--start-group -lc -lm -Wl,--end-group -specs=nano.specs 
D:\TrueSTUDIO for STM32 9.3.0\ide\jre\bin\java -jar D:\TrueSTUDIO for STM32 9.3.0\Tools\arm-atollic-reports.jar sizeinfo list laser_game_rx.elf 
Generate build reports...
Print size information
   text	   data	    bss	    dec	    hex	filename
   7920	     16	    212	   8148	   1fd4	laser_game_rx.elf
Print size information done
Generate listing file
Output sent to: laser_game_rx.list
Generate listing file done
Generate build reports done
08:29:08 **** Incremental Build of configuration Debug for project laser_game_rx ****
Info: Internal Builder is used for build
arm-atollic-eabi-gcc -c ..\app\src\main.c -mthumb -mcpu=cortex-m0 -std=gnu11 -DSTM32F072xB -ID:\cours\mea4\projectS7_LaserGame\projectS6_laserGame\projectS6_laserGame\rx_workspace\laser_game_rx\app\inc -ID:\cours\mea4\projectS7_LaserGame\projectS6_laserGame\projectS6_laserGame\rx_workspace\laser_game_rx\bsp\inc -ID:\cours\mea4\projectS7_LaserGame\projectS6_laserGame\projectS6_laserGame\rx_workspace\laser_game_rx\cmsis\core -ID:\cours\mea4\projectS7_LaserGame\projectS6_laserGame\projectS6_laserGame\rx_workspace\laser_game_rx\cmsis\device\inc -O0 -g -fstack-usage -Wall -specs=nano.specs -o app\src\main.o 
..\app\src\main.c:37:6: warning: return type of 'main' is not 'int' [-Wmain]
 void main()
      ^~~~
..\app\src\main.c: In function 'main':
..\app\src\main.c:67:3: warning: implicit declaration of function 'my_printf' [-Wimplicit-function-declaration]
   my_printf("\r\n%05d\n", TIM3->CCR2);
   ^~~~~~~~~
arm-atollic-eabi-gcc -o laser_game_rx.elf app\src\main.o app\src\printf-stdarg.o app\src\stm32f0xx_it.o bsp\src\bsp.o bsp\src\delay.o cmsis\device\src\startup_stm32f072xb.o cmsis\device\src\system_stm32f0xx.o -mthumb -mcpu=cortex-m0 -TD:\cours\mea4\projetS7\projectS6_laserGame\projectS6_laserGame\laserGame_tx\Debug_STM32F072RB_FLASH.ld -specs=nosys.specs -static -Wl,-cref,-u,Reset_Handler -Wl,-Map=laser_game_rx.map -Wl,--defsym=malloc_getpagesize_P=0x80 -Wl,--start-group -lc -lm -Wl,--end-group -specs=nano.specs 
D:\TrueSTUDIO for STM32 9.3.0\ide\jre\bin\java -jar D:\TrueSTUDIO for STM32 9.3.0\Tools\arm-atollic-reports.jar sizeinfo list laser_game_rx.elf 
Generate build reports...
Print size information
   text	   data	    bss	    dec	    hex	filename
   7920	     16	    212	   8148	   1fd4	laser_game_rx.elf
Print size information done
Generate listing file
Output sent to: laser_game_rx.list
Generate listing file done
Generate build reports done
08:29:42 **** Incremental Build of configuration Debug for project laser_game_rx ****
Info: Internal Builder is used for build
arm-atollic-eabi-gcc -c ..\app\src\main.c -mthumb -mcpu=cortex-m0 -std=gnu11 -DSTM32F072xB -ID:\cours\mea4\projectS7_LaserGame\projectS6_laserGame\projectS6_laserGame\rx_workspace\laser_game_rx\app\inc -ID:\cours\mea4\projectS7_LaserGame\projectS6_laserGame\projectS6_laserGame\rx_workspace\laser_game_rx\bsp\inc -ID:\cours\mea4\projectS7_LaserGame\projectS6_laserGame\projectS6_laserGame\rx_workspace\laser_game_rx\cmsis\core -ID:\cours\mea4\projectS7_LaserGame\projectS6_laserGame\projectS6_laserGame\rx_workspace\laser_game_rx\cmsis\device\inc -O0 -g -fstack-usage -Wall -specs=nano.specs -o app\src\main.o 
..\app\src\main.c:37:6: warning: return type of 'main' is not 'int' [-Wmain]
 void main()
      ^~~~
..\app\src\main.c: In function 'main':
..\app\src\main.c:57:2: warning: implicit declaration of function 'BSP_TIMER_PWM_Init' [-Wimplicit-function-declaration]
  BSP_TIMER_PWM_Init(); // delete call to avoid tx
  ^~~~~~~~~~~~~~~~~~
..\app\src\main.c:67:3: warning: implicit declaration of function 'my_printf' [-Wimplicit-function-declaration]
   my_printf("\r\n%05d\n", TIM3->CCR2);
   ^~~~~~~~~
arm-atollic-eabi-gcc -o laser_game_rx.elf app\src\main.o app\src\printf-stdarg.o app\src\stm32f0xx_it.o bsp\src\bsp.o bsp\src\delay.o cmsis\device\src\startup_stm32f072xb.o cmsis\device\src\system_stm32f0xx.o -mthumb -mcpu=cortex-m0 -TD:\cours\mea4\projetS7\projectS6_laserGame\projectS6_laserGame\laserGame_tx\Debug_STM32F072RB_FLASH.ld -specs=nosys.specs -static -Wl,-cref,-u,Reset_Handler -Wl,-Map=laser_game_rx.map -Wl,--defsym=malloc_getpagesize_P=0x80 -Wl,--start-group -lc -lm -Wl,--end-group -specs=nano.specs 
D:\TrueSTUDIO for STM32 9.3.0\ide\jre\bin\java -jar D:\TrueSTUDIO for STM32 9.3.0\Tools\arm-atollic-reports.jar sizeinfo list laser_game_rx.elf 
Generate build reports...
Print size information
   text	   data	    bss	    dec	    hex	filename
   7920	     16	    212	   8148	   1fd4	laser_game_rx.elf
Print size information done
Generate listing file
Output sent to: laser_game_rx.list
Generate listing file done
Generate build reports done
